------------------------------------------------------------
Timing Analyzer Summary
------------------------------------------------------------

Type  : Slow 1200mV 85C Model Setup 'clk'
Slack : -2.931
TNS   : -62.340

Type  : Slow 1200mV 85C Model Setup 'altera_reserved_tck'
Slack : 45.777
TNS   : 0.000

Type  : Slow 1200mV 85C Model Hold 'clk'
Slack : 0.301
TNS   : 0.000

Type  : Slow 1200mV 85C Model Hold 'altera_reserved_tck'
Slack : 0.403
TNS   : 0.000

Type  : Slow 1200mV 85C Model Recovery 'clk'
Slack : 10.410
TNS   : 0.000

Type  : Slow 1200mV 85C Model Recovery 'altera_reserved_tck'
Slack : 48.077
TNS   : 0.000

Type  : Slow 1200mV 85C Model Removal 'altera_reserved_tck'
Slack : 1.160
TNS   : 0.000

Type  : Slow 1200mV 85C Model Removal 'clk'
Slack : 4.567
TNS   : 0.000

Type  : Slow 1200mV 85C Model Minimum Pulse Width 'clk'
Slack : 9.550
TNS   : 0.000

Type  : Slow 1200mV 85C Model Minimum Pulse Width 'altera_reserved_tck'
Slack : 49.557
TNS   : 0.000

Type  : Slow 1200mV 0C Model Setup 'clk'
Slack : -1.069
TNS   : -18.011

Type  : Slow 1200mV 0C Model Setup 'altera_reserved_tck'
Slack : 46.257
TNS   : 0.000

Type  : Slow 1200mV 0C Model Hold 'clk'
Slack : 0.314
TNS   : 0.000

Type  : Slow 1200mV 0C Model Hold 'altera_reserved_tck'
Slack : 0.355
TNS   : 0.000

Type  : Slow 1200mV 0C Model Recovery 'clk'
Slack : 11.370
TNS   : 0.000

Type  : Slow 1200mV 0C Model Recovery 'altera_reserved_tck'
Slack : 48.371
TNS   : 0.000

Type  : Slow 1200mV 0C Model Removal 'altera_reserved_tck'
Slack : 1.060
TNS   : 0.000

Type  : Slow 1200mV 0C Model Removal 'clk'
Slack : 4.263
TNS   : 0.000

Type  : Slow 1200mV 0C Model Minimum Pulse Width 'clk'
Slack : 9.554
TNS   : 0.000

Type  : Slow 1200mV 0C Model Minimum Pulse Width 'altera_reserved_tck'
Slack : 49.489
TNS   : 0.000

Type  : Fast 1200mV 0C Model Setup 'clk'
Slack : 6.100
TNS   : 0.000

Type  : Fast 1200mV 0C Model Setup 'altera_reserved_tck'
Slack : 48.304
TNS   : 0.000

Type  : Fast 1200mV 0C Model Hold 'clk'
Slack : 0.108
TNS   : 0.000

Type  : Fast 1200mV 0C Model Hold 'altera_reserved_tck'
Slack : 0.181
TNS   : 0.000

Type  : Fast 1200mV 0C Model Recovery 'clk'
Slack : 13.038
TNS   : 0.000

Type  : Fast 1200mV 0C Model Recovery 'altera_reserved_tck'
Slack : 49.389
TNS   : 0.000

Type  : Fast 1200mV 0C Model Removal 'altera_reserved_tck'
Slack : 0.555
TNS   : 0.000

Type  : Fast 1200mV 0C Model Removal 'clk'
Slack : 2.413
TNS   : 0.000

Type  : Fast 1200mV 0C Model Minimum Pulse Width 'clk'
Slack : 9.153
TNS   : 0.000

Type  : Fast 1200mV 0C Model Minimum Pulse Width 'altera_reserved_tck'
Slack : 49.301
TNS   : 0.000

------------------------------------------------------------
