------------------------------------------------------------
Timing Analyzer Summary
------------------------------------------------------------

Type  : Slow 1200mV 85C Model Setup 'clk'
Slack : 5.030
TNS   : 0.000

Type  : Slow 1200mV 85C Model Hold 'clk'
Slack : 0.207
TNS   : 0.000

Type  : Slow 1200mV 85C Model Recovery 'clk'
Slack : 12.552
TNS   : 0.000

Type  : Slow 1200mV 85C Model Removal 'clk'
Slack : 3.653
TNS   : 0.000

Type  : Slow 1200mV 85C Model Minimum Pulse Width 'clk'
Slack : 9.573
TNS   : 0.000

Type  : Slow 1200mV 0C Model Setup 'clk'
Slack : 5.830
TNS   : 0.000

Type  : Slow 1200mV 0C Model Hold 'clk'
Slack : 0.176
TNS   : 0.000

Type  : Slow 1200mV 0C Model Recovery 'clk'
Slack : 13.374
TNS   : 0.000

Type  : Slow 1200mV 0C Model Removal 'clk'
Slack : 3.447
TNS   : 0.000

Type  : Slow 1200mV 0C Model Minimum Pulse Width 'clk'
Slack : 9.551
TNS   : 0.000

Type  : Fast 1200mV 0C Model Setup 'clk'
Slack : 6.100
TNS   : 0.000

Type  : Fast 1200mV 0C Model Hold 'clk'
Slack : 0.040
TNS   : 0.000

Type  : Fast 1200mV 0C Model Recovery 'clk'
Slack : 14.296
TNS   : 0.000

Type  : Fast 1200mV 0C Model Removal 'clk'
Slack : 2.727
TNS   : 0.000

Type  : Fast 1200mV 0C Model Minimum Pulse Width 'clk'
Slack : 9.152
TNS   : 0.000

------------------------------------------------------------
